<?xml version="1.0" encoding="UTF-8"?>
<TestRun id="1f150d5c-85ec-45d3-9b79-0f7b88540674" name="Tordek@TORDEK-PC 2010-09-16 21:03:12" runUser="Tordek-PC\Tordek" xmlns="http://microsoft.com/schemas/VisualStudio/TeamTest/2010">
  <TestSettings name="Local" id="c7b5a916-ae87-4048-b6db-272523a01ffc">
    <Description>These are default test settings for a local test run.</Description>
    <Deployment enabled="false" runDeploymentRoot="Tordek_TORDEK-PC 2010-09-16 21_03_12">
      <DeploymentItem filename="C:\Users\Tordek\Documents\Visual Studio 2010\Projects\Banco\Banco\bin\Debug\Banco.dll" />
    </Deployment>
    <Execution>
      <TestTypeSpecific />
      <AgentRule name="Execution Agents">
      </AgentRule>
    </Execution>
  </TestSettings>
  <Times creation="2010-09-16T21:03:12.0387733-03:00" queuing="2010-09-16T21:03:13.0038285-03:00" start="2010-09-16T21:03:13.0678322-03:00" finish="2010-09-16T21:03:23.0824050-03:00" />
  <ResultSummary outcome="Error">
    <Counters total="6" executed="2" passed="1" error="0" failed="0" timeout="0" aborted="1" inconclusive="0" passedButRunAborted="0" notRunnable="0" notExecuted="4" disconnected="0" warning="0" completed="0" inProgress="0" pending="0" />
    <RunInfos>
      <RunInfo computerName="TORDEK-PC" outcome="Error" timestamp="2010-09-16T21:03:23.0764046-03:00">
        <Text>Test host process exited unexpectedly.</Text>
      </RunInfo>
    </RunInfos>
  </ResultSummary>
  <TestDefinitions>
    <UnitTest name="deveria_trazer_um_objeto_SqlDataReader" storage="c:\users\tordek\documents\visual studio 2010\projects\banco\reservateste\bin\debug\reservateste.dll" id="36237f96-456c-f610-879b-bd7660e34416">
      <Execution id="de8b1c72-237c-4bac-aa85-372dee51dc03" />
      <TestMethod codeBase="C:/Users/Tordek/Documents/Visual Studio 2010/Projects/Banco/ReservaTeste/bin/Debug/ReservaTeste.DLL" adapterTypeName="Microsoft.VisualStudio.TestTools.TestTypes.Unit.UnitTestAdapter, Microsoft.VisualStudio.QualityTools.Tips.UnitTest.Adapter, Version=10.0.0.0, Culture=neutral, PublicKeyToken=b03f5f7f11d50a3a" className="BancoTest.BancoTest, ReservaTeste, Version=1.0.0.0, Culture=neutral, PublicKeyToken=null" name="deveria_trazer_um_objeto_SqlDataReader" />
    </UnitTest>
    <UnitTest name="deveria_trazer_um_elemento_SqlCommand" storage="c:\users\tordek\documents\visual studio 2010\projects\banco\reservateste\bin\debug\reservateste.dll" id="468e240f-eae0-1b6f-aad7-3b7ee3742316">
      <Execution id="e9bab68b-1937-4f63-a39c-7d2d02f59045" />
      <TestMethod codeBase="C:/Users/Tordek/Documents/Visual Studio 2010/Projects/Banco/ReservaTeste/bin/Debug/ReservaTeste.DLL" adapterTypeName="Microsoft.VisualStudio.TestTools.TestTypes.Unit.UnitTestAdapter, Microsoft.VisualStudio.QualityTools.Tips.UnitTest.Adapter, Version=10.0.0.0, Culture=neutral, PublicKeyToken=b03f5f7f11d50a3a" className="BancoTest.BancoTest, ReservaTeste, Version=1.0.0.0, Culture=neutral, PublicKeyToken=null" name="deveria_trazer_um_elemento_SqlCommand" />
    </UnitTest>
    <UnitTest name="deveria_trazer_uma_string_de_conexao_valida" storage="c:\users\tordek\documents\visual studio 2010\projects\banco\reservateste\bin\debug\reservateste.dll" id="5b0c8c01-c598-a514-dc4b-ca0c241a0069">
      <Execution id="5f46d92b-a7fe-4ecd-8b85-beadd51f6924" />
      <TestMethod codeBase="C:/Users/Tordek/Documents/Visual Studio 2010/Projects/Banco/ReservaTeste/bin/Debug/ReservaTeste.DLL" adapterTypeName="Microsoft.VisualStudio.TestTools.TestTypes.Unit.UnitTestAdapter, Microsoft.VisualStudio.QualityTools.Tips.UnitTest.Adapter, Version=10.0.0.0, Culture=neutral, PublicKeyToken=b03f5f7f11d50a3a" className="BancoTest.BancoTest, ReservaTeste, Version=1.0.0.0, Culture=neutral, PublicKeyToken=null" name="deveria_trazer_uma_string_de_conexao_valida" />
    </UnitTest>
    <UnitTest name="deveria_retornar_um_objeto_SqlConnection" storage="c:\users\tordek\documents\visual studio 2010\projects\banco\reservateste\bin\debug\reservateste.dll" id="7d4a3803-5231-3cd0-7c14-a7538874bcd7">
      <Execution id="d8a1ae35-e305-42cb-86b7-f7efc3a0bc30" />
      <TestMethod codeBase="C:/Users/Tordek/Documents/Visual Studio 2010/Projects/Banco/ReservaTeste/bin/Debug/ReservaTeste.DLL" adapterTypeName="Microsoft.VisualStudio.TestTools.TestTypes.Unit.UnitTestAdapter, Microsoft.VisualStudio.QualityTools.Tips.UnitTest.Adapter, Version=10.0.0.0, Culture=neutral, PublicKeyToken=b03f5f7f11d50a3a" className="BancoTest.BancoTest, ReservaTeste, Version=1.0.0.0, Culture=neutral, PublicKeyToken=null" name="deveria_retornar_um_objeto_SqlConnection" />
    </UnitTest>
    <UnitTest name="deveria_ler_um_objeto_sqldatareade" storage="c:\users\tordek\documents\visual studio 2010\projects\banco\reservateste\bin\debug\reservateste.dll" id="28a00470-f93f-a7e1-ba72-23860b4b3d55">
      <Execution id="91bf8cf4-1b60-4602-b596-bbd086228a83" />
      <TestMethod codeBase="C:/Users/Tordek/Documents/Visual Studio 2010/Projects/Banco/ReservaTeste/bin/Debug/ReservaTeste.DLL" adapterTypeName="Microsoft.VisualStudio.TestTools.TestTypes.Unit.UnitTestAdapter, Microsoft.VisualStudio.QualityTools.Tips.UnitTest.Adapter, Version=10.0.0.0, Culture=neutral, PublicKeyToken=b03f5f7f11d50a3a" className="BancoTest.BancoTest, ReservaTeste, Version=1.0.0.0, Culture=neutral, PublicKeyToken=null" name="deveria_ler_um_objeto_sqldatareade" />
    </UnitTest>
    <UnitTest name="deveria_ler_um_objeto_sqldatareader_duas_vezes" storage="c:\users\tordek\documents\visual studio 2010\projects\banco\reservateste\bin\debug\reservateste.dll" id="65af4af8-fa85-8246-83fb-d31c4b799c87">
      <Execution id="9636309e-3838-4365-bbf8-4bef7fef2465" />
      <TestMethod codeBase="C:/Users/Tordek/Documents/Visual Studio 2010/Projects/Banco/ReservaTeste/bin/Debug/ReservaTeste.DLL" adapterTypeName="Microsoft.VisualStudio.TestTools.TestTypes.Unit.UnitTestAdapter, Microsoft.VisualStudio.QualityTools.Tips.UnitTest.Adapter, Version=10.0.0.0, Culture=neutral, PublicKeyToken=b03f5f7f11d50a3a" className="BancoTest.BancoTest, ReservaTeste, Version=1.0.0.0, Culture=neutral, PublicKeyToken=null" name="deveria_ler_um_objeto_sqldatareader_duas_vezes" />
    </UnitTest>
  </TestDefinitions>
  <TestLists>
    <TestList name="Results Not in a List" id="8c84fa94-04c1-424b-9868-57a2d4851a1d" />
    <TestList name="All Loaded Results" id="19431567-8539-422a-85d7-44ee4e166bda" />
  </TestLists>
  <TestEntries>
    <TestEntry testId="28a00470-f93f-a7e1-ba72-23860b4b3d55" executionId="91bf8cf4-1b60-4602-b596-bbd086228a83" testListId="8c84fa94-04c1-424b-9868-57a2d4851a1d" />
    <TestEntry testId="36237f96-456c-f610-879b-bd7660e34416" executionId="de8b1c72-237c-4bac-aa85-372dee51dc03" testListId="8c84fa94-04c1-424b-9868-57a2d4851a1d" />
    <TestEntry testId="468e240f-eae0-1b6f-aad7-3b7ee3742316" executionId="e9bab68b-1937-4f63-a39c-7d2d02f59045" testListId="8c84fa94-04c1-424b-9868-57a2d4851a1d" />
    <TestEntry testId="5b0c8c01-c598-a514-dc4b-ca0c241a0069" executionId="5f46d92b-a7fe-4ecd-8b85-beadd51f6924" testListId="8c84fa94-04c1-424b-9868-57a2d4851a1d" />
    <TestEntry testId="65af4af8-fa85-8246-83fb-d31c4b799c87" executionId="9636309e-3838-4365-bbf8-4bef7fef2465" testListId="8c84fa94-04c1-424b-9868-57a2d4851a1d" />
    <TestEntry testId="7d4a3803-5231-3cd0-7c14-a7538874bcd7" executionId="d8a1ae35-e305-42cb-86b7-f7efc3a0bc30" testListId="8c84fa94-04c1-424b-9868-57a2d4851a1d" />
  </TestEntries>
  <Results>
    <UnitTestResult executionId="91bf8cf4-1b60-4602-b596-bbd086228a83" testId="28a00470-f93f-a7e1-ba72-23860b4b3d55" testName="deveria_ler_um_objeto_sqldatareade" computerName="TORDEK-PC" duration="00:00:00.0853824" startTime="2010-09-16T21:03:13.1058343-03:00" endTime="2010-09-16T21:03:14.1098918-03:00" testType="13cdc9d9-ddb5-4fa4-a97d-d965ccfc6d4b" outcome="Passed" testListId="8c84fa94-04c1-424b-9868-57a2d4851a1d" relativeResultsDirectory="91bf8cf4-1b60-4602-b596-bbd086228a83">
    </UnitTestResult>
    <UnitTestResult executionId="de8b1c72-237c-4bac-aa85-372dee51dc03" testId="36237f96-456c-f610-879b-bd7660e34416" testName="deveria_trazer_um_objeto_SqlDataReader" computerName="TORDEK-PC" duration="00:00:08.9545121" startTime="2010-09-16T21:03:14.1238926-03:00" endTime="2010-09-16T21:03:23.0784047-03:00" testType="13cdc9d9-ddb5-4fa4-a97d-d965ccfc6d4b" outcome="Aborted" testListId="8c84fa94-04c1-424b-9868-57a2d4851a1d" relativeResultsDirectory="de8b1c72-237c-4bac-aa85-372dee51dc03">
    </UnitTestResult>
    <UnitTestResult executionId="e9bab68b-1937-4f63-a39c-7d2d02f59045" testId="468e240f-eae0-1b6f-aad7-3b7ee3742316" testName="deveria_trazer_um_elemento_SqlCommand" computerName="TORDEK-PC" testType="13cdc9d9-ddb5-4fa4-a97d-d965ccfc6d4b" outcome="NotExecuted" testListId="8c84fa94-04c1-424b-9868-57a2d4851a1d" relativeResultsDirectory="e9bab68b-1937-4f63-a39c-7d2d02f59045">
    </UnitTestResult>
    <UnitTestResult executionId="5f46d92b-a7fe-4ecd-8b85-beadd51f6924" testId="5b0c8c01-c598-a514-dc4b-ca0c241a0069" testName="deveria_trazer_uma_string_de_conexao_valida" computerName="TORDEK-PC" testType="13cdc9d9-ddb5-4fa4-a97d-d965ccfc6d4b" outcome="NotExecuted" testListId="8c84fa94-04c1-424b-9868-57a2d4851a1d" relativeResultsDirectory="5f46d92b-a7fe-4ecd-8b85-beadd51f6924">
    </UnitTestResult>
    <UnitTestResult executionId="9636309e-3838-4365-bbf8-4bef7fef2465" testId="65af4af8-fa85-8246-83fb-d31c4b799c87" testName="deveria_ler_um_objeto_sqldatareader_duas_vezes" computerName="TORDEK-PC" testType="13cdc9d9-ddb5-4fa4-a97d-d965ccfc6d4b" outcome="NotExecuted" testListId="8c84fa94-04c1-424b-9868-57a2d4851a1d" relativeResultsDirectory="9636309e-3838-4365-bbf8-4bef7fef2465">
    </UnitTestResult>
    <UnitTestResult executionId="d8a1ae35-e305-42cb-86b7-f7efc3a0bc30" testId="7d4a3803-5231-3cd0-7c14-a7538874bcd7" testName="deveria_retornar_um_objeto_SqlConnection" computerName="TORDEK-PC" testType="13cdc9d9-ddb5-4fa4-a97d-d965ccfc6d4b" outcome="NotExecuted" testListId="8c84fa94-04c1-424b-9868-57a2d4851a1d" relativeResultsDirectory="d8a1ae35-e305-42cb-86b7-f7efc3a0bc30">
    </UnitTestResult>
  </Results>
</TestRun>